2024-12-19 18:55:40,806 - INFO - Opened URL: https://fab.com/portal/listings
2024-12-19 18:55:54,680 - ERROR - Unexpected error: Message: 

C:/Users/Naghul/Documents/Zero/Freelancer/project#1/test files/Fendi - FF 0331 086 5415 Glasses
2024-12-19 18:56:00,214 - INFO - Driver closed.
2024-12-19 18:56:17,597 - INFO - Opened URL: https://fab.com/portal/listings
2024-12-19 18:57:14,407 - INFO - Driver closed.
2024-12-19 19:26:22,432 - INFO - Opened URL: https://fab.com/portal/listings
2024-12-19 19:26:32,828 - ERROR - Unexpected error: Message: no such window: target window already closed
from unknown error: web view not found
  (Session info: chrome=131.0.6778.140)
Stacktrace:
	GetHandleVerifier [0x00007FF6B486FB05+28789]
	(No symbol) [0x00007FF6B47D86E0]
	(No symbol) [0x00007FF6B467592A]
	(No symbol) [0x00007FF6B464F505]
	(No symbol) [0x00007FF6B46F6477]
	(No symbol) [0x00007FF6B470EF42]
	(No symbol) [0x00007FF6B46EF1E3]
	(No symbol) [0x00007FF6B46BA938]
	(No symbol) [0x00007FF6B46BBAA1]
	GetHandleVerifier [0x00007FF6B4BA933D+3410093]
	GetHandleVerifier [0x00007FF6B4BBE7DD+3497293]
	GetHandleVerifier [0x00007FF6B4BB2A73+3448803]
	GetHandleVerifier [0x00007FF6B4937BBB+848171]
	(No symbol) [0x00007FF6B47E3C3F]
	(No symbol) [0x00007FF6B47DF6E4]
	(No symbol) [0x00007FF6B47DF87D]
	(No symbol) [0x00007FF6B47CED49]
	BaseThreadInitThunk [0x00007FF89FBC259D+29]
	RtlUserThreadStart [0x00007FF8A164AF38+40]

C:/Users/Naghul/Documents/Zero/Freelancer/project#1/test files/Fendi - FF 0331 086 5415 Glasses
2024-12-19 19:27:08,040 - INFO - Opened URL: https://fab.com/portal/listings
2024-12-19 19:28:04,171 - INFO - Driver closed.
2024-12-19 19:33:44,192 - INFO - Opened URL: https://fab.com/portal/listings
2024-12-19 19:33:47,770 - INFO - A draft has been deleted
2024-12-19 19:33:50,309 - INFO - A draft has been deleted
2024-12-19 19:33:52,815 - INFO - A draft has been deleted
2024-12-19 19:33:55,177 - INFO - A draft has been deleted
2024-12-19 19:33:57,688 - INFO - A draft has been deleted
2024-12-19 19:34:00,006 - INFO - A draft has been deleted
2024-12-19 19:34:02,426 - INFO - A draft has been deleted
2024-12-19 19:34:04,855 - INFO - A draft has been deleted
2024-12-19 19:34:07,181 - INFO - A draft has been deleted
2024-12-19 19:34:09,629 - INFO - A draft has been deleted
2024-12-19 19:34:12,158 - INFO - A draft has been deleted
2024-12-19 19:34:14,621 - INFO - A draft has been deleted
2024-12-19 19:34:17,089 - INFO - A draft has been deleted
2024-12-19 19:34:19,453 - INFO - A draft has been deleted
2024-12-19 19:34:24,681 - INFO - Driver closed.
2024-12-19 19:35:15,787 - INFO - Opened URL: https://fab.com/portal/listings
2024-12-19 19:36:05,638 - INFO - C:/Users/Naghul/Documents/Zero/Freelancer/project#1/test/Fendi - FF 0167 F0G 5019 Glasses
2024-12-19 19:36:07,210 - INFO - Opened URL: https://fab.com/portal/listings
2024-12-19 19:37:00,514 - INFO - C:/Users/Naghul/Documents/Zero/Freelancer/project#1/test/Fendi - FF 0232 807 5315 Glasses
2024-12-19 19:37:03,762 - INFO - Driver Closed
2024-12-19 19:40:43,521 - INFO - Opened URL: https://fab.com/portal/listings
2024-12-19 19:41:29,998 - INFO - C:/Users/Naghul/Documents/Zero/Freelancer/project#1/test/Fendi - FF 0167 F0G 5019 Glasses
2024-12-19 19:41:31,983 - INFO - Opened URL: https://fab.com/portal/listings
2024-12-19 19:42:15,102 - INFO - C:/Users/Naghul/Documents/Zero/Freelancer/project#1/test/Fendi - FF 0232 807 5315 Glasses
2024-12-19 19:42:19,249 - INFO - Driver Closed
2024-12-19 19:44:02,191 - INFO - Opened URL: https://fab.com/portal/listings
2024-12-19 19:44:08,342 - ERROR - Unexpected error: Message: element click intercepted: Element <div class="fabkit-Radio-root fabkit-Radio--md">...</div> is not clickable at point (740, 1153). Other element would receive the click: <div class="fabkit-TreeSelectOption-label">...</div>
  (Session info: chrome=131.0.6778.140)
Stacktrace:
	GetHandleVerifier [0x00007FF6B486FB05+28789]
	(No symbol) [0x00007FF6B47D86E0]
	(No symbol) [0x00007FF6B467592A]
	(No symbol) [0x00007FF6B46D0FDE]
	(No symbol) [0x00007FF6B46CEA7C]
	(No symbol) [0x00007FF6B46CBC46]
	(No symbol) [0x00007FF6B46CABA1]
	(No symbol) [0x00007FF6B46BCD60]
	(No symbol) [0x00007FF6B46EF43A]
	(No symbol) [0x00007FF6B46BC5B6]
	(No symbol) [0x00007FF6B46EF650]
	(No symbol) [0x00007FF6B470F654]
	(No symbol) [0x00007FF6B46EF1E3]
	(No symbol) [0x00007FF6B46BA938]
	(No symbol) [0x00007FF6B46BBAA1]
	GetHandleVerifier [0x00007FF6B4BA933D+3410093]
	GetHandleVerifier [0x00007FF6B4BBE7DD+3497293]
	GetHandleVerifier [0x00007FF6B4BB2A73+3448803]
	GetHandleVerifier [0x00007FF6B4937BBB+848171]
	(No symbol) [0x00007FF6B47E3C3F]
	(No symbol) [0x00007FF6B47DF6E4]
	(No symbol) [0x00007FF6B47DF87D]
	(No symbol) [0x00007FF6B47CED49]
	BaseThreadInitThunk [0x00007FF89FBC259D+29]
	RtlUserThreadStart [0x00007FF8A164AF38+40]

C:/Users/Naghul/Documents/Zero/Freelancer/project#1/test/Fendi - FF 0167 F0G 5019 Glasses
2024-12-19 19:44:11,692 - INFO - C:/Users/Naghul/Documents/Zero/Freelancer/project#1/test/Fendi - FF 0167 F0G 5019 Glasses
2024-12-19 19:44:13,738 - INFO - Opened URL: https://fab.com/portal/listings
2024-12-19 19:44:20,236 - ERROR - Unexpected error: Message: element click intercepted: Element <div class="fabkit-Radio-root fabkit-Radio--md">...</div> is not clickable at point (740, 1153). Other element would receive the click: <div class="fabkit-TreeSelectOption-label">...</div>
  (Session info: chrome=131.0.6778.140)
Stacktrace:
	GetHandleVerifier [0x00007FF6B486FB05+28789]
	(No symbol) [0x00007FF6B47D86E0]
	(No symbol) [0x00007FF6B467592A]
	(No symbol) [0x00007FF6B46D0FDE]
	(No symbol) [0x00007FF6B46CEA7C]
	(No symbol) [0x00007FF6B46CBC46]
	(No symbol) [0x00007FF6B46CABA1]
	(No symbol) [0x00007FF6B46BCD60]
	(No symbol) [0x00007FF6B46EF43A]
	(No symbol) [0x00007FF6B46BC5B6]
	(No symbol) [0x00007FF6B46EF650]
	(No symbol) [0x00007FF6B470F654]
	(No symbol) [0x00007FF6B46EF1E3]
	(No symbol) [0x00007FF6B46BA938]
	(No symbol) [0x00007FF6B46BBAA1]
	GetHandleVerifier [0x00007FF6B4BA933D+3410093]
	GetHandleVerifier [0x00007FF6B4BBE7DD+3497293]
	GetHandleVerifier [0x00007FF6B4BB2A73+3448803]
	GetHandleVerifier [0x00007FF6B4937BBB+848171]
	(No symbol) [0x00007FF6B47E3C3F]
	(No symbol) [0x00007FF6B47DF6E4]
	(No symbol) [0x00007FF6B47DF87D]
	(No symbol) [0x00007FF6B47CED49]
	BaseThreadInitThunk [0x00007FF89FBC259D+29]
	RtlUserThreadStart [0x00007FF8A164AF38+40]

C:/Users/Naghul/Documents/Zero/Freelancer/project#1/test/Fendi - FF 0232 807 5315 Glasses
2024-12-19 19:44:24,003 - INFO - C:/Users/Naghul/Documents/Zero/Freelancer/project#1/test/Fendi - FF 0232 807 5315 Glasses
2024-12-19 19:44:27,255 - INFO - Driver Closed
2024-12-19 19:50:56,588 - INFO - Opened URL: https://fab.com/portal/listings
2024-12-19 19:51:00,111 - INFO - A draft has been deleted
2024-12-19 19:51:02,652 - INFO - A draft has been deleted
2024-12-19 19:51:05,166 - INFO - A draft has been deleted
2024-12-19 19:51:07,686 - INFO - A draft has been deleted
2024-12-19 19:51:12,859 - INFO - Driver closed.
2024-12-19 19:52:14,942 - INFO - Opened URL: https://fab.com/portal/listings
2024-12-19 19:52:46,738 - INFO - C:/Users/Naghul/Documents/Zero/Freelancer/project#1/test/Fendi - FF 0167 F0G 5019 Glasses
2024-12-19 19:52:48,776 - INFO - Opened URL: https://fab.com/portal/listings
2024-12-19 19:53:20,599 - INFO - C:/Users/Naghul/Documents/Zero/Freelancer/project#1/test/Fendi - FF 0232 807 5315 Glasses
2024-12-19 19:53:23,899 - INFO - Driver Closed
2024-12-19 19:54:01,305 - INFO - Opened URL: https://fab.com/portal/listings
2024-12-19 19:54:41,063 - ERROR - Unexpected error: Message: 
Stacktrace:
	GetHandleVerifier [0x00007FF6B486FB05+28789]
	(No symbol) [0x00007FF6B47D86E0]
	(No symbol) [0x00007FF6B467592A]
	(No symbol) [0x00007FF6B46C930E]
	(No symbol) [0x00007FF6B46C95FC]
	(No symbol) [0x00007FF6B47128A7]
	(No symbol) [0x00007FF6B46EF47F]
	(No symbol) [0x00007FF6B470F654]
	(No symbol) [0x00007FF6B46EF1E3]
	(No symbol) [0x00007FF6B46BA938]
	(No symbol) [0x00007FF6B46BBAA1]
	GetHandleVerifier [0x00007FF6B4BA933D+3410093]
	GetHandleVerifier [0x00007FF6B4BBE7DD+3497293]
	GetHandleVerifier [0x00007FF6B4BB2A73+3448803]
	GetHandleVerifier [0x00007FF6B4937BBB+848171]
	(No symbol) [0x00007FF6B47E3C3F]
	(No symbol) [0x00007FF6B47DF6E4]
	(No symbol) [0x00007FF6B47DF87D]
	(No symbol) [0x00007FF6B47CED49]
	BaseThreadInitThunk [0x00007FF89FBC259D+29]
	RtlUserThreadStart [0x00007FF8A164AF38+40]

C:/Users/Naghul/Documents/Zero/Freelancer/project#1/test/Fendi - FF 0167 F0G 5019 Glasses
2024-12-19 19:54:44,765 - INFO - C:/Users/Naghul/Documents/Zero/Freelancer/project#1/test/Fendi - FF 0167 F0G 5019 Glasses
2024-12-19 19:54:47,077 - INFO - Opened URL: https://fab.com/portal/listings
2024-12-19 19:55:30,443 - ERROR - Unexpected error: Message: 
Stacktrace:
	GetHandleVerifier [0x00007FF6B486FB05+28789]
	(No symbol) [0x00007FF6B47D86E0]
	(No symbol) [0x00007FF6B467592A]
	(No symbol) [0x00007FF6B46C930E]
	(No symbol) [0x00007FF6B46C95FC]
	(No symbol) [0x00007FF6B47128A7]
	(No symbol) [0x00007FF6B46EF47F]
	(No symbol) [0x00007FF6B470F654]
	(No symbol) [0x00007FF6B46EF1E3]
	(No symbol) [0x00007FF6B46BA938]
	(No symbol) [0x00007FF6B46BBAA1]
	GetHandleVerifier [0x00007FF6B4BA933D+3410093]
	GetHandleVerifier [0x00007FF6B4BBE7DD+3497293]
	GetHandleVerifier [0x00007FF6B4BB2A73+3448803]
	GetHandleVerifier [0x00007FF6B4937BBB+848171]
	(No symbol) [0x00007FF6B47E3C3F]
	(No symbol) [0x00007FF6B47DF6E4]
	(No symbol) [0x00007FF6B47DF87D]
	(No symbol) [0x00007FF6B47CED49]
	BaseThreadInitThunk [0x00007FF89FBC259D+29]
	RtlUserThreadStart [0x00007FF8A164AF38+40]

C:/Users/Naghul/Documents/Zero/Freelancer/project#1/test/Fendi - FF 0232 807 5315 Glasses
2024-12-19 19:55:33,781 - INFO - C:/Users/Naghul/Documents/Zero/Freelancer/project#1/test/Fendi - FF 0232 807 5315 Glasses
2024-12-19 19:55:36,921 - INFO - Driver Closed
2024-12-19 19:56:59,946 - INFO - Opened URL: https://fab.com/portal/listings
2024-12-19 19:57:13,276 - ERROR - Unexpected error: Message: 

C:/Users/Naghul/Documents/Zero/Freelancer/project#1/test/Fendi - FF 0167 F0G 5019 Glasses
2024-12-19 19:57:16,609 - INFO - C:/Users/Naghul/Documents/Zero/Freelancer/project#1/test/Fendi - FF 0167 F0G 5019 Glasses
2024-12-19 19:57:16,905 - INFO - Opened URL: https://fab.com/portal/listings
2024-12-19 19:57:30,312 - ERROR - Unexpected error: Message: 

C:/Users/Naghul/Documents/Zero/Freelancer/project#1/test/Fendi - FF 0232 807 5315 Glasses
2024-12-19 19:57:33,665 - INFO - C:/Users/Naghul/Documents/Zero/Freelancer/project#1/test/Fendi - FF 0232 807 5315 Glasses
2024-12-19 19:57:36,814 - INFO - Driver Closed
2024-12-19 19:58:14,696 - INFO - Opened URL: https://fab.com/portal/listings
2024-12-19 19:59:11,994 - ERROR - Unexpected error: Message: stale element reference: stale element not found in the current frame
  (Session info: chrome=131.0.6778.140); For documentation on this error, please visit: https://www.selenium.dev/documentation/webdriver/troubleshooting/errors#stale-element-reference-exception
Stacktrace:
	GetHandleVerifier [0x00007FF6B486FB05+28789]
	(No symbol) [0x00007FF6B47D86E0]
	(No symbol) [0x00007FF6B467592A]
	(No symbol) [0x00007FF6B467C48F]
	(No symbol) [0x00007FF6B467F13C]
	(No symbol) [0x00007FF6B467F20F]
	(No symbol) [0x00007FF6B46D0EC9]
	(No symbol) [0x00007FF6B46CEA7C]
	(No symbol) [0x00007FF6B46CBC46]
	(No symbol) [0x00007FF6B46CABA1]
	(No symbol) [0x00007FF6B46BCD60]
	(No symbol) [0x00007FF6B46EF43A]
	(No symbol) [0x00007FF6B46BC5B6]
	(No symbol) [0x00007FF6B46EF650]
	(No symbol) [0x00007FF6B470F654]
	(No symbol) [0x00007FF6B46EF1E3]
	(No symbol) [0x00007FF6B46BA938]
	(No symbol) [0x00007FF6B46BBAA1]
	GetHandleVerifier [0x00007FF6B4BA933D+3410093]
	GetHandleVerifier [0x00007FF6B4BBE7DD+3497293]
	GetHandleVerifier [0x00007FF6B4BB2A73+3448803]
	GetHandleVerifier [0x00007FF6B4937BBB+848171]
	(No symbol) [0x00007FF6B47E3C3F]
	(No symbol) [0x00007FF6B47DF6E4]
	(No symbol) [0x00007FF6B47DF87D]
	(No symbol) [0x00007FF6B47CED49]
	BaseThreadInitThunk [0x00007FF89FBC259D+29]
	RtlUserThreadStart [0x00007FF8A164AF38+40]

C:/Users/Naghul/Documents/Zero/Freelancer/project#1/test/Fendi - FF 0167 F0G 5019 Glasses
2024-12-19 19:59:15,817 - INFO - C:/Users/Naghul/Documents/Zero/Freelancer/project#1/test/Fendi - FF 0167 F0G 5019 Glasses
2024-12-19 19:59:18,022 - INFO - Opened URL: https://fab.com/portal/listings
2024-12-19 20:00:09,602 - ERROR - Unexpected error: Message: stale element reference: stale element not found in the current frame
  (Session info: chrome=131.0.6778.140); For documentation on this error, please visit: https://www.selenium.dev/documentation/webdriver/troubleshooting/errors#stale-element-reference-exception
Stacktrace:
	GetHandleVerifier [0x00007FF6B486FB05+28789]
	(No symbol) [0x00007FF6B47D86E0]
	(No symbol) [0x00007FF6B467592A]
	(No symbol) [0x00007FF6B467C48F]
	(No symbol) [0x00007FF6B467F13C]
	(No symbol) [0x00007FF6B467F20F]
	(No symbol) [0x00007FF6B46D0EC9]
	(No symbol) [0x00007FF6B46CEA7C]
	(No symbol) [0x00007FF6B46CBC46]
	(No symbol) [0x00007FF6B46CABA1]
	(No symbol) [0x00007FF6B46BCD60]
	(No symbol) [0x00007FF6B46EF43A]
	(No symbol) [0x00007FF6B46BC5B6]
	(No symbol) [0x00007FF6B46EF650]
	(No symbol) [0x00007FF6B470F654]
	(No symbol) [0x00007FF6B46EF1E3]
	(No symbol) [0x00007FF6B46BA938]
	(No symbol) [0x00007FF6B46BBAA1]
	GetHandleVerifier [0x00007FF6B4BA933D+3410093]
	GetHandleVerifier [0x00007FF6B4BBE7DD+3497293]
	GetHandleVerifier [0x00007FF6B4BB2A73+3448803]
	GetHandleVerifier [0x00007FF6B4937BBB+848171]
	(No symbol) [0x00007FF6B47E3C3F]
	(No symbol) [0x00007FF6B47DF6E4]
	(No symbol) [0x00007FF6B47DF87D]
	(No symbol) [0x00007FF6B47CED49]
	BaseThreadInitThunk [0x00007FF89FBC259D+29]
	RtlUserThreadStart [0x00007FF8A164AF38+40]

C:/Users/Naghul/Documents/Zero/Freelancer/project#1/test/Fendi - FF 0232 807 5315 Glasses
2024-12-19 20:00:12,973 - INFO - C:/Users/Naghul/Documents/Zero/Freelancer/project#1/test/Fendi - FF 0232 807 5315 Glasses
2024-12-19 20:00:15,697 - INFO - Driver Closed
2024-12-19 20:01:21,628 - INFO - Opened URL: https://fab.com/portal/listings
2024-12-19 20:02:17,028 - INFO - Driver closed.
2024-12-19 20:04:27,584 - INFO - Opened URL: https://fab.com/portal/listings
2024-12-19 20:06:42,325 - INFO - Opened URL: https://fab.com/portal/listings
2024-12-19 20:06:45,797 - INFO - A draft has been deleted
2024-12-19 20:06:48,172 - INFO - A draft has been deleted
2024-12-19 20:06:51,708 - INFO - A draft has been deleted
2024-12-19 20:06:54,176 - INFO - A draft has been deleted
2024-12-19 20:06:56,549 - INFO - A draft has been deleted
2024-12-19 20:06:58,884 - INFO - A draft has been deleted
2024-12-19 20:07:00,938 - ERROR - Unexpected error: list index out of range
2024-12-19 20:07:04,390 - INFO - Driver closed.
2024-12-19 20:23:09,896 - INFO - Opened URL: https://fab.com/portal/listings
2024-12-19 20:24:22,340 - ERROR - Unexpected error: Message: element click intercepted: Element <button class="fabkit-Button-root fabkit-Button--md fabkit-Button--primary fabkit-Button--fullWidth" type="button">...</button> is not clickable at point (468, 553). Other element would receive the click: <div role="presentation" class="fabkit-Modal-overlay"></div>
  (Session info: chrome=131.0.6778.140)
Stacktrace:
	GetHandleVerifier [0x00007FF6B486FB05+28789]
	(No symbol) [0x00007FF6B47D86E0]
	(No symbol) [0x00007FF6B467592A]
	(No symbol) [0x00007FF6B46D0FDE]
	(No symbol) [0x00007FF6B46CEA7C]
	(No symbol) [0x00007FF6B46CBC46]
	(No symbol) [0x00007FF6B46CABA1]
	(No symbol) [0x00007FF6B46BCD60]
	(No symbol) [0x00007FF6B46EF43A]
	(No symbol) [0x00007FF6B46BC5B6]
	(No symbol) [0x00007FF6B46EF650]
	(No symbol) [0x00007FF6B470F654]
	(No symbol) [0x00007FF6B46EF1E3]
	(No symbol) [0x00007FF6B46BA938]
	(No symbol) [0x00007FF6B46BBAA1]
	GetHandleVerifier [0x00007FF6B4BA933D+3410093]
	GetHandleVerifier [0x00007FF6B4BBE7DD+3497293]
	GetHandleVerifier [0x00007FF6B4BB2A73+3448803]
	GetHandleVerifier [0x00007FF6B4937BBB+848171]
	(No symbol) [0x00007FF6B47E3C3F]
	(No symbol) [0x00007FF6B47DF6E4]
	(No symbol) [0x00007FF6B47DF87D]
	(No symbol) [0x00007FF6B47CED49]
	BaseThreadInitThunk [0x00007FF89FBC259D+29]
	RtlUserThreadStart [0x00007FF8A164AF38+40]

C:/Users/Naghul/Documents/Zero/Freelancer/project#1/test/Fendi - FF 0167 F0G 5019 Glasses
2024-12-19 20:24:25,711 - INFO - C:/Users/Naghul/Documents/Zero/Freelancer/project#1/test/Fendi - FF 0167 F0G 5019 Glasses
2024-12-19 20:24:29,052 - INFO - Opened URL: https://fab.com/portal/listings
2024-12-19 20:25:21,736 - INFO - C:/Users/Naghul/Documents/Zero/Freelancer/project#1/test/Fendi - FF 0232 807 5315 Glasses
2024-12-19 20:25:24,918 - INFO - Driver Closed
2024-12-19 20:28:35,796 - INFO - Opened URL: https://fab.com/portal/listings
2024-12-19 20:28:49,172 - ERROR - Unexpected error: Message: 

C:/Users/Naghul/Documents/Zero/Freelancer/project#1/test/Fendi - FF 0167 F0G 5019 Glasses
2024-12-19 20:28:52,552 - INFO - C:/Users/Naghul/Documents/Zero/Freelancer/project#1/test/Fendi - FF 0167 F0G 5019 Glasses
2024-12-19 20:28:52,867 - INFO - Opened URL: https://fab.com/portal/listings
2024-12-19 20:29:06,252 - ERROR - Unexpected error: Message: 

C:/Users/Naghul/Documents/Zero/Freelancer/project#1/test/Fendi - FF 0232 807 5315 Glasses
2024-12-19 20:29:09,572 - INFO - C:/Users/Naghul/Documents/Zero/Freelancer/project#1/test/Fendi - FF 0232 807 5315 Glasses
2024-12-19 20:29:12,755 - INFO - Driver Closed
2024-12-19 20:29:43,186 - INFO - Opened URL: https://fab.com/portal/listings
2024-12-19 20:34:37,424 - INFO - Opened URL: https://fab.com/portal/listings
2024-12-19 20:35:36,322 - INFO - C:/Users/Naghul/Documents/Zero/Freelancer/project#1/test/Fendi - FF 0167 F0G 5019 Glasses
2024-12-19 20:35:37,970 - INFO - Opened URL: https://fab.com/portal/listings
2024-12-19 20:36:29,081 - INFO - C:/Users/Naghul/Documents/Zero/Freelancer/project#1/test/Fendi - FF 0232 807 5315 Glasses
2024-12-19 20:36:32,242 - INFO - Driver Closed
2024-12-20 10:52:54,981 - INFO - Opened URL: https://fab.com/portal/listings
2024-12-20 10:53:09,051 - ERROR - Unexpected error: Message: 

C:/Users/Naghul/Documents/Zero/Freelancer/project#1/test files/Fendi - FF 0167 F0G 5019 Glasses
2024-12-20 10:53:14,810 - INFO - Driver closed.
2024-12-20 10:53:34,988 - INFO - Opened URL: https://fab.com/portal/listings
2024-12-20 10:53:41,131 - INFO - Driver closed.
2024-12-20 10:54:12,269 - INFO - Opened URL: https://fab.com/portal/listings
2024-12-20 10:54:17,484 - INFO - Driver closed.
2024-12-20 10:54:46,816 - INFO - Opened URL: https://fab.com/portal/listings
2024-12-20 10:54:52,614 - INFO - Driver closed.
2024-12-20 10:55:45,348 - INFO - Opened URL: https://fab.com/portal/listings
2024-12-20 10:55:48,881 - INFO - A draft has been deleted
2024-12-20 10:55:51,412 - INFO - A draft has been deleted
2024-12-20 10:55:53,715 - INFO - A draft has been deleted
2024-12-20 10:55:56,212 - INFO - A draft has been deleted
2024-12-20 10:55:58,626 - INFO - A draft has been deleted
2024-12-20 10:56:01,251 - INFO - A draft has been deleted
2024-12-20 10:56:06,561 - INFO - Driver closed.
2024-12-20 10:57:44,394 - INFO - Opened URL: https://fab.com/portal/listings
2024-12-20 10:59:11,785 - INFO - C:/Users/Naghul/Documents/Zero/Freelancer/project#1/test/Fendi - FF 0167 F0G 5019 Glasses
2024-12-20 10:59:20,476 - INFO - Opened URL: https://fab.com/portal/listings
2024-12-20 11:00:14,994 - INFO - C:/Users/Naghul/Documents/Zero/Freelancer/project#1/test/Fendi - FF 0232 807 5315 Glasses
2024-12-20 11:00:18,195 - INFO - Driver Closed
2024-12-20 11:16:18,574 - INFO - Opened URL: https://fab.com/portal/listings
2024-12-20 11:17:49,908 - INFO - Driver closed.
2024-12-20 11:19:38,309 - INFO - Opened URL: https://fab.com/portal/listings
2024-12-20 11:20:33,718 - ERROR - Unexpected error: Message: element click intercepted: Element <button class="fabkit-Button-root fabkit-Button--md fabkit-Button--primary fabkit-Button--fullWidth" type="button" aria-describedby="noFormatError noFormatDesc">...</button> is not clickable at point (236, 410). Other element would receive the click: <div role="presentation" class="fabkit-Modal-overlay"></div>
  (Session info: chrome=131.0.6778.140)
Stacktrace:
	GetHandleVerifier [0x00007FF73F6FFB05+28789]
	(No symbol) [0x00007FF73F6686E0]
	(No symbol) [0x00007FF73F50592A]
	(No symbol) [0x00007FF73F560FDE]
	(No symbol) [0x00007FF73F55EA7C]
	(No symbol) [0x00007FF73F55BC46]
	(No symbol) [0x00007FF73F55ABA1]
	(No symbol) [0x00007FF73F54CD60]
	(No symbol) [0x00007FF73F57F43A]
	(No symbol) [0x00007FF73F54C5B6]
	(No symbol) [0x00007FF73F57F650]
	(No symbol) [0x00007FF73F59F654]
	(No symbol) [0x00007FF73F57F1E3]
	(No symbol) [0x00007FF73F54A938]
	(No symbol) [0x00007FF73F54BAA1]
	GetHandleVerifier [0x00007FF73FA3933D+3410093]
	GetHandleVerifier [0x00007FF73FA4E7DD+3497293]
	GetHandleVerifier [0x00007FF73FA42A73+3448803]
	GetHandleVerifier [0x00007FF73F7C7BBB+848171]
	(No symbol) [0x00007FF73F673C3F]
	(No symbol) [0x00007FF73F66F6E4]
	(No symbol) [0x00007FF73F66F87D]
	(No symbol) [0x00007FF73F65ED49]
	BaseThreadInitThunk [0x00007FF89FBC259D+29]
	RtlUserThreadStart [0x00007FF8A164AF38+40]

C:/Users/Naghul/Documents/Zero/Freelancer/project#1/test files/Fendi - FF0422 J5G 5717 Glasses
2024-12-20 11:20:38,900 - INFO - Driver closed.
2024-12-20 11:21:08,142 - INFO - Opened URL: https://fab.com/portal/listings
2024-12-20 11:22:17,215 - INFO - Driver closed.
2024-12-20 11:32:05,297 - INFO - Opened URL: https://fab.com/portal/listings
2024-12-20 11:32:54,447 - INFO - C:/Users/Naghul/Documents/Zero/Freelancer/project#1/test/Fendi - FF 0376 09Q 5415 Glasses
2024-12-20 11:32:56,453 - INFO - Opened URL: https://fab.com/portal/listings
2024-12-20 11:33:45,576 - INFO - C:/Users/Naghul/Documents/Zero/Freelancer/project#1/test/Fendi - FF 0385 KB7 5317 Glasses
2024-12-20 11:33:48,779 - INFO - Driver Closed
2024-12-20 11:37:04,355 - INFO - Opened URL: https://fab.com/portal/listings
2024-12-20 11:37:50,231 - INFO - C:/Users/Naghul/Documents/Zero/Freelancer/project#1/edit/Fendi - FF 0167 F0G 5019 Glasses
2024-12-20 11:37:52,709 - INFO - Opened URL: https://fab.com/portal/listings
2024-12-20 11:38:35,933 - INFO - C:/Users/Naghul/Documents/Zero/Freelancer/project#1/edit/Fendi - FF 0232 807 5315 Glasses
2024-12-20 11:38:39,105 - INFO - Driver Closed
2024-12-20 17:09:35,090 - INFO - patching driver executable C:\Users\Naghul\appdata\roaming\undetected_chromedriver\undetected_chromedriver.exe
2024-12-20 17:13:15,528 - INFO - Opened URL: https://fab.com/portal/listings
2024-12-20 17:13:19,038 - INFO - A draft has been deleted
2024-12-20 17:13:21,607 - INFO - A draft has been deleted
2024-12-20 17:13:24,198 - INFO - A draft has been deleted
2024-12-20 17:13:26,793 - INFO - A draft has been deleted
2024-12-20 17:13:28,795 - ERROR - Unexpected error: Message: no such window: target window already closed
from unknown error: web view not found
  (Session info: chrome=131.0.6778.140)
Stacktrace:
	GetHandleVerifier [0x00007FF649B4FB05+28789]
	(No symbol) [0x00007FF649AB86E0]
	(No symbol) [0x00007FF64995592A]
	(No symbol) [0x00007FF64992F505]
	(No symbol) [0x00007FF6499D6477]
	(No symbol) [0x00007FF6499EEF42]
	(No symbol) [0x00007FF6499CF1E3]
	(No symbol) [0x00007FF64999A938]
	(No symbol) [0x00007FF64999BAA1]
	GetHandleVerifier [0x00007FF649E8933D+3410093]
	GetHandleVerifier [0x00007FF649E9E7DD+3497293]
	GetHandleVerifier [0x00007FF649E92A73+3448803]
	GetHandleVerifier [0x00007FF649C17BBB+848171]
	(No symbol) [0x00007FF649AC3C3F]
	(No symbol) [0x00007FF649ABF6E4]
	(No symbol) [0x00007FF649ABF87D]
	(No symbol) [0x00007FF649AAED49]
	BaseThreadInitThunk [0x00007FF89FBC259D+29]
	RtlUserThreadStart [0x00007FF8A164AF38+40]

2024-12-20 17:13:30,875 - INFO - Driver closed.
2024-12-20 17:13:47,077 - INFO - Opened URL: https://fab.com/portal/listings
2024-12-20 17:13:50,512 - INFO - A draft has been deleted
2024-12-20 17:13:52,988 - INFO - A draft has been deleted
2024-12-20 17:13:55,537 - INFO - A draft has been deleted
2024-12-20 17:13:58,051 - INFO - A draft has been deleted
2024-12-20 17:14:02,472 - INFO - Driver closed.
2024-12-20 17:14:50,446 - INFO - Opened URL: https://fab.com/portal/listings
2024-12-20 17:15:47,966 - INFO - C:/Users/Naghul/Documents/Zero/Freelancer/project#1/test/Fendi - FF 0376 09Q 5415 Glasses
2024-12-20 17:15:49,406 - INFO - Opened URL: https://fab.com/portal/listings
2024-12-20 17:16:44,829 - INFO - C:/Users/Naghul/Documents/Zero/Freelancer/project#1/test/Fendi - FF 0385 KB7 5317 Glasses
2024-12-20 17:16:47,168 - INFO - Driver Closed
2024-12-20 17:17:15,804 - INFO - Opened URL: https://fab.com/portal/listings
2024-12-20 17:17:18,810 - ERROR - Unexpected error: Message: disconnected: not connected to DevTools
  (failed to check if window was closed: disconnected: not connected to DevTools)
  (Session info: chrome=131.0.6778.140)
Stacktrace:
	GetHandleVerifier [0x00007FF649B4FB05+28789]
	(No symbol) [0x00007FF649AB86E0]
	(No symbol) [0x00007FF64995592A]
	(No symbol) [0x00007FF64994230C]
	(No symbol) [0x00007FF6499421D0]
	(No symbol) [0x00007FF6499582D1]
	(No symbol) [0x00007FF6499EEF72]
	(No symbol) [0x00007FF6499CF1E3]
	(No symbol) [0x00007FF64999A938]
	(No symbol) [0x00007FF64999BAA1]
	GetHandleVerifier [0x00007FF649E8933D+3410093]
	GetHandleVerifier [0x00007FF649E9E7DD+3497293]
	GetHandleVerifier [0x00007FF649E92A73+3448803]
	GetHandleVerifier [0x00007FF649C17BBB+848171]
	(No symbol) [0x00007FF649AC3C3F]
	(No symbol) [0x00007FF649ABF6E4]
	(No symbol) [0x00007FF649ABF87D]
	(No symbol) [0x00007FF649AAED49]
	BaseThreadInitThunk [0x00007FF89FBC259D+29]
	RtlUserThreadStart [0x00007FF8A164AF38+40]

2024-12-20 17:17:20,377 - INFO - Opened URL: https://fab.com/portal/listings
2024-12-20 17:17:20,930 - INFO - Driver closed.
2024-12-20 17:17:23,821 - INFO - A draft has been deleted
2024-12-20 17:17:26,397 - INFO - A draft has been deleted
2024-12-20 17:17:30,760 - INFO - Driver closed.
2024-12-20 17:17:56,327 - INFO - Opened URL: https://fab.com/portal/listings
2024-12-20 17:18:51,721 - INFO - C:/Users/Naghul/Documents/Zero/Freelancer/project#1/test/Fendi - FF 0376 09Q 5415 Glasses
2024-12-20 17:18:53,317 - INFO - Opened URL: https://fab.com/portal/listings
2024-12-20 17:19:49,691 - INFO - C:/Users/Naghul/Documents/Zero/Freelancer/project#1/test/Fendi - FF 0385 KB7 5317 Glasses
2024-12-20 17:19:52,125 - INFO - Driver Closed
2024-12-20 17:35:47,393 - INFO - Opened URL: https://fab.com/portal/listings
2024-12-20 17:36:43,453 - INFO - C:/Users/Naghul/Documents/Zero/Freelancer/project#1/test files - Copy/Fendi - FF 0167 F0G 5019 Glasses
2024-12-20 17:36:44,957 - INFO - Opened URL: https://fab.com/portal/listings
2024-12-20 17:37:38,882 - INFO - C:/Users/Naghul/Documents/Zero/Freelancer/project#1/test files - Copy/Fendi - FF 0167 F0G 5019 Glasses - Copy
2024-12-20 17:37:40,498 - INFO - Opened URL: https://fab.com/portal/listings
2024-12-20 17:38:36,491 - INFO - C:/Users/Naghul/Documents/Zero/Freelancer/project#1/test files - Copy/Fendi - FF 0167 F0G 5019 Glasses - Copy (2)
2024-12-20 17:38:38,475 - INFO - Opened URL: https://fab.com/portal/listings
2024-12-20 17:39:31,798 - INFO - C:/Users/Naghul/Documents/Zero/Freelancer/project#1/test files - Copy/Fendi - FF 0167 F0G 5019 Glasses - Copy - Copy
2024-12-20 17:39:33,380 - INFO - Opened URL: https://fab.com/portal/listings
2024-12-20 17:40:24,994 - INFO - C:/Users/Naghul/Documents/Zero/Freelancer/project#1/test files - Copy/Fendi - FF 0232 807 5315 Glasses
2024-12-20 17:40:26,640 - INFO - Opened URL: https://fab.com/portal/listings
2024-12-20 17:41:17,296 - INFO - C:/Users/Naghul/Documents/Zero/Freelancer/project#1/test files - Copy/Fendi - FF 0232 807 5315 Glasses - Copy
2024-12-20 17:41:18,892 - INFO - Opened URL: https://fab.com/portal/listings
2024-12-20 17:42:11,734 - INFO - C:/Users/Naghul/Documents/Zero/Freelancer/project#1/test files - Copy/Fendi - FF 0232 807 5315 Glasses - Copy (2)
2024-12-20 17:42:13,767 - INFO - Opened URL: https://fab.com/portal/listings
2024-12-20 17:43:06,801 - INFO - C:/Users/Naghul/Documents/Zero/Freelancer/project#1/test files - Copy/Fendi - FF 0232 807 5315 Glasses - Copy - Copy
2024-12-20 17:43:09,077 - INFO - Opened URL: https://fab.com/portal/listings
2024-12-20 17:44:01,862 - INFO - C:/Users/Naghul/Documents/Zero/Freelancer/project#1/test files - Copy/Fendi - FF 0331 086 5415 Glasses
2024-12-20 17:44:03,697 - INFO - Opened URL: https://fab.com/portal/listings
2024-12-20 17:45:02,163 - INFO - C:/Users/Naghul/Documents/Zero/Freelancer/project#1/test files - Copy/Fendi - FF 0331 086 5415 Glasses - Copy
2024-12-20 17:45:03,897 - INFO - Opened URL: https://fab.com/portal/listings
2024-12-20 17:45:57,838 - INFO - C:/Users/Naghul/Documents/Zero/Freelancer/project#1/test files - Copy/Fendi - FF 0331 086 5415 Glasses - Copy (2)
2024-12-20 17:45:59,916 - INFO - Opened URL: https://fab.com/portal/listings
2024-12-20 17:46:53,739 - INFO - C:/Users/Naghul/Documents/Zero/Freelancer/project#1/test files - Copy/Fendi - FF 0331 086 5415 Glasses - Copy - Copy
2024-12-20 17:46:55,404 - INFO - Opened URL: https://fab.com/portal/listings
2024-12-20 17:47:09,206 - ERROR - Unexpected error: Message: 

C:/Users/Naghul/Documents/Zero/Freelancer/project#1/test files - Copy/Fendi - FF 0376 09Q 5415 Glasses
2024-12-20 17:47:12,598 - INFO - C:/Users/Naghul/Documents/Zero/Freelancer/project#1/test files - Copy/Fendi - FF 0376 09Q 5415 Glasses
2024-12-20 17:47:12,848 - INFO - Opened URL: https://fab.com/portal/listings
2024-12-20 17:47:26,204 - ERROR - Unexpected error: Message: 

C:/Users/Naghul/Documents/Zero/Freelancer/project#1/test files - Copy/Fendi - FF 0376 09Q 5415 Glasses - Copy
2024-12-20 17:47:29,540 - INFO - C:/Users/Naghul/Documents/Zero/Freelancer/project#1/test files - Copy/Fendi - FF 0376 09Q 5415 Glasses - Copy
2024-12-20 17:47:29,746 - INFO - Opened URL: https://fab.com/portal/listings
2024-12-20 17:47:43,047 - ERROR - Unexpected error: Message: 

C:/Users/Naghul/Documents/Zero/Freelancer/project#1/test files - Copy/Fendi - FF 0376 09Q 5415 Glasses - Copy (2)
2024-12-20 17:47:46,400 - INFO - C:/Users/Naghul/Documents/Zero/Freelancer/project#1/test files - Copy/Fendi - FF 0376 09Q 5415 Glasses - Copy (2)
2024-12-20 17:47:46,562 - INFO - Opened URL: https://fab.com/portal/listings
2024-12-20 17:47:59,914 - ERROR - Unexpected error: Message: 

C:/Users/Naghul/Documents/Zero/Freelancer/project#1/test files - Copy/Fendi - FF 0376 09Q 5415 Glasses - Copy - Copy
2024-12-20 17:48:03,251 - INFO - C:/Users/Naghul/Documents/Zero/Freelancer/project#1/test files - Copy/Fendi - FF 0376 09Q 5415 Glasses - Copy - Copy
2024-12-20 17:48:03,461 - INFO - Opened URL: https://fab.com/portal/listings
2024-12-20 17:48:16,768 - ERROR - Unexpected error: Message: 

C:/Users/Naghul/Documents/Zero/Freelancer/project#1/test files - Copy/Fendi - FF 0385 KB7 5317 Glasses
2024-12-20 17:48:20,106 - INFO - C:/Users/Naghul/Documents/Zero/Freelancer/project#1/test files - Copy/Fendi - FF 0385 KB7 5317 Glasses
2024-12-20 17:48:20,414 - INFO - Opened URL: https://fab.com/portal/listings
2024-12-20 17:48:33,767 - ERROR - Unexpected error: Message: 

C:/Users/Naghul/Documents/Zero/Freelancer/project#1/test files - Copy/Fendi - FF 0385 KB7 5317 Glasses - Copy
2024-12-20 17:48:37,079 - INFO - C:/Users/Naghul/Documents/Zero/Freelancer/project#1/test files - Copy/Fendi - FF 0385 KB7 5317 Glasses - Copy
2024-12-20 17:48:37,274 - INFO - Opened URL: https://fab.com/portal/listings
2024-12-20 17:48:50,630 - ERROR - Unexpected error: Message: 

C:/Users/Naghul/Documents/Zero/Freelancer/project#1/test files - Copy/Fendi - FF 0385 KB7 5317 Glasses - Copy (2)
2024-12-20 17:48:53,947 - INFO - C:/Users/Naghul/Documents/Zero/Freelancer/project#1/test files - Copy/Fendi - FF 0385 KB7 5317 Glasses - Copy (2)
2024-12-20 17:48:54,158 - INFO - Opened URL: https://fab.com/portal/listings
2024-12-20 17:49:07,505 - ERROR - Unexpected error: Message: 

C:/Users/Naghul/Documents/Zero/Freelancer/project#1/test files - Copy/Fendi - FF 0385 KB7 5317 Glasses - Copy - Copy
2024-12-20 17:49:10,845 - INFO - C:/Users/Naghul/Documents/Zero/Freelancer/project#1/test files - Copy/Fendi - FF 0385 KB7 5317 Glasses - Copy - Copy
2024-12-20 17:49:11,051 - INFO - Opened URL: https://fab.com/portal/listings
2024-12-20 17:49:24,396 - ERROR - Unexpected error: Message: 

C:/Users/Naghul/Documents/Zero/Freelancer/project#1/test files - Copy/Fendi - FF 0386 09Q 5515 Glasses
2024-12-20 17:49:27,706 - INFO - C:/Users/Naghul/Documents/Zero/Freelancer/project#1/test files - Copy/Fendi - FF 0386 09Q 5515 Glasses
2024-12-20 17:49:27,889 - INFO - Opened URL: https://fab.com/portal/listings
2024-12-20 17:49:41,201 - ERROR - Unexpected error: Message: 

C:/Users/Naghul/Documents/Zero/Freelancer/project#1/test files - Copy/Fendi - FF 0386 09Q 5515 Glasses - Copy
2024-12-20 17:49:44,523 - INFO - C:/Users/Naghul/Documents/Zero/Freelancer/project#1/test files - Copy/Fendi - FF 0386 09Q 5515 Glasses - Copy
2024-12-20 17:49:44,630 - INFO - Opened URL: https://fab.com/portal/listings
2024-12-20 17:49:57,965 - ERROR - Unexpected error: Message: 

C:/Users/Naghul/Documents/Zero/Freelancer/project#1/test files - Copy/Fendi - FF 0386 09Q 5515 Glasses - Copy (2)
2024-12-20 17:50:01,294 - INFO - C:/Users/Naghul/Documents/Zero/Freelancer/project#1/test files - Copy/Fendi - FF 0386 09Q 5515 Glasses - Copy (2)
2024-12-20 17:50:01,481 - INFO - Opened URL: https://fab.com/portal/listings
2024-12-20 17:50:14,832 - ERROR - Unexpected error: Message: 

C:/Users/Naghul/Documents/Zero/Freelancer/project#1/test files - Copy/Fendi - FF 0386 09Q 5515 Glasses - Copy - Copy
2024-12-20 17:50:18,151 - INFO - C:/Users/Naghul/Documents/Zero/Freelancer/project#1/test files - Copy/Fendi - FF 0386 09Q 5515 Glasses - Copy - Copy
2024-12-20 17:50:18,375 - INFO - Opened URL: https://fab.com/portal/listings
2024-12-20 17:50:31,715 - ERROR - Unexpected error: Message: 

C:/Users/Naghul/Documents/Zero/Freelancer/project#1/test files - Copy/Fendi - FF 0386 J5G 5515 Glasses
2024-12-20 17:50:35,032 - INFO - C:/Users/Naghul/Documents/Zero/Freelancer/project#1/test files - Copy/Fendi - FF 0386 J5G 5515 Glasses
2024-12-20 17:50:35,212 - INFO - Opened URL: https://fab.com/portal/listings
2024-12-20 17:50:48,542 - ERROR - Unexpected error: Message: 

C:/Users/Naghul/Documents/Zero/Freelancer/project#1/test files - Copy/Fendi - FF 0386 J5G 5515 Glasses - Copy
2024-12-20 17:50:51,864 - INFO - C:/Users/Naghul/Documents/Zero/Freelancer/project#1/test files - Copy/Fendi - FF 0386 J5G 5515 Glasses - Copy
2024-12-20 17:50:52,044 - INFO - Opened URL: https://fab.com/portal/listings
2024-12-20 17:51:05,391 - ERROR - Unexpected error: Message: 

C:/Users/Naghul/Documents/Zero/Freelancer/project#1/test files - Copy/Fendi - FF 0386 J5G 5515 Glasses - Copy (2)
2024-12-20 17:51:08,730 - INFO - C:/Users/Naghul/Documents/Zero/Freelancer/project#1/test files - Copy/Fendi - FF 0386 J5G 5515 Glasses - Copy (2)
2024-12-20 17:51:08,927 - INFO - Opened URL: https://fab.com/portal/listings
2024-12-20 17:51:22,288 - ERROR - Unexpected error: Message: 

C:/Users/Naghul/Documents/Zero/Freelancer/project#1/test files - Copy/Fendi - FF 0386 J5G 5515 Glasses - Copy - Copy
2024-12-20 17:51:25,644 - INFO - C:/Users/Naghul/Documents/Zero/Freelancer/project#1/test files - Copy/Fendi - FF 0386 J5G 5515 Glasses - Copy - Copy
2024-12-20 17:51:25,843 - INFO - Opened URL: https://fab.com/portal/listings
2024-12-20 17:51:39,155 - ERROR - Unexpected error: Message: 

C:/Users/Naghul/Documents/Zero/Freelancer/project#1/test files - Copy/Fendi - FF 0388 086 5317 Glasses
2024-12-20 17:51:42,498 - INFO - C:/Users/Naghul/Documents/Zero/Freelancer/project#1/test files - Copy/Fendi - FF 0388 086 5317 Glasses
2024-12-20 17:51:42,711 - INFO - Opened URL: https://fab.com/portal/listings
2024-12-20 17:51:56,035 - ERROR - Unexpected error: Message: 

C:/Users/Naghul/Documents/Zero/Freelancer/project#1/test files - Copy/Fendi - FF 0388 086 5317 Glasses - Copy
2024-12-20 17:51:59,343 - INFO - C:/Users/Naghul/Documents/Zero/Freelancer/project#1/test files - Copy/Fendi - FF 0388 086 5317 Glasses - Copy
2024-12-20 17:51:59,553 - INFO - Opened URL: https://fab.com/portal/listings
2024-12-20 17:52:12,881 - ERROR - Unexpected error: Message: 

C:/Users/Naghul/Documents/Zero/Freelancer/project#1/test files - Copy/Fendi - FF 0388 086 5317 Glasses - Copy (2)
2024-12-20 17:52:16,213 - INFO - C:/Users/Naghul/Documents/Zero/Freelancer/project#1/test files - Copy/Fendi - FF 0388 086 5317 Glasses - Copy (2)
2024-12-20 17:52:16,477 - INFO - Opened URL: https://fab.com/portal/listings
2024-12-20 17:52:29,832 - ERROR - Unexpected error: Message: 

C:/Users/Naghul/Documents/Zero/Freelancer/project#1/test files - Copy/Fendi - FF 0388 086 5317 Glasses - Copy - Copy
2024-12-20 17:52:33,135 - INFO - C:/Users/Naghul/Documents/Zero/Freelancer/project#1/test files - Copy/Fendi - FF 0388 086 5317 Glasses - Copy - Copy
2024-12-20 17:52:33,334 - INFO - Opened URL: https://fab.com/portal/listings
2024-12-20 17:52:46,683 - ERROR - Unexpected error: Message: 

C:/Users/Naghul/Documents/Zero/Freelancer/project#1/test files - Copy/Fendi - FF 0388 HKZ 5317 Glasses
2024-12-20 17:52:50,046 - INFO - C:/Users/Naghul/Documents/Zero/Freelancer/project#1/test files - Copy/Fendi - FF 0388 HKZ 5317 Glasses
2024-12-20 17:52:50,250 - INFO - Opened URL: https://fab.com/portal/listings
2024-12-20 17:53:03,578 - ERROR - Unexpected error: Message: 

C:/Users/Naghul/Documents/Zero/Freelancer/project#1/test files - Copy/Fendi - FF 0388 HKZ 5317 Glasses - Copy
2024-12-20 17:53:06,918 - INFO - C:/Users/Naghul/Documents/Zero/Freelancer/project#1/test files - Copy/Fendi - FF 0388 HKZ 5317 Glasses - Copy
2024-12-20 17:53:07,156 - INFO - Opened URL: https://fab.com/portal/listings
2024-12-20 17:53:20,534 - ERROR - Unexpected error: Message: 

C:/Users/Naghul/Documents/Zero/Freelancer/project#1/test files - Copy/Fendi - FF 0388 HKZ 5317 Glasses - Copy (2)
2024-12-20 17:53:23,883 - INFO - C:/Users/Naghul/Documents/Zero/Freelancer/project#1/test files - Copy/Fendi - FF 0388 HKZ 5317 Glasses - Copy (2)
2024-12-20 17:53:24,056 - INFO - Opened URL: https://fab.com/portal/listings
2024-12-20 17:57:09,676 - INFO - Opened URL: https://fab.com/portal/listings
2024-12-20 17:58:00,880 - INFO - C:/Users/Naghul/Documents/Zero/Freelancer/project#1/test files - Copy/Fendi - FF 0376 09Q 5415 Glasses
2024-12-20 17:58:02,363 - INFO - Opened URL: https://fab.com/portal/listings
2024-12-20 17:58:54,943 - INFO - C:/Users/Naghul/Documents/Zero/Freelancer/project#1/test files - Copy/Fendi - FF 0376 09Q 5415 Glasses - Copy
2024-12-20 17:58:57,143 - INFO - Opened URL: https://fab.com/portal/listings
2024-12-20 17:59:48,584 - INFO - C:/Users/Naghul/Documents/Zero/Freelancer/project#1/test files - Copy/Fendi - FF 0376 09Q 5415 Glasses - Copy (2)
2024-12-20 17:59:50,758 - INFO - Opened URL: https://fab.com/portal/listings
2024-12-20 18:00:42,688 - INFO - C:/Users/Naghul/Documents/Zero/Freelancer/project#1/test files - Copy/Fendi - FF 0376 09Q 5415 Glasses - Copy - Copy
2024-12-20 18:00:44,815 - INFO - Opened URL: https://fab.com/portal/listings
2024-12-20 18:01:35,440 - INFO - C:/Users/Naghul/Documents/Zero/Freelancer/project#1/test files - Copy/Fendi - FF 0385 KB7 5317 Glasses
2024-12-20 18:01:37,276 - INFO - Opened URL: https://fab.com/portal/listings
2024-12-20 18:02:28,906 - INFO - C:/Users/Naghul/Documents/Zero/Freelancer/project#1/test files - Copy/Fendi - FF 0385 KB7 5317 Glasses - Copy
2024-12-20 18:02:31,495 - INFO - Opened URL: https://fab.com/portal/listings
2024-12-20 18:03:19,528 - INFO - C:/Users/Naghul/Documents/Zero/Freelancer/project#1/test files - Copy/Fendi - FF 0385 KB7 5317 Glasses - Copy (2)
2024-12-20 18:03:22,266 - INFO - Opened URL: https://fab.com/portal/listings
2024-12-20 18:04:07,999 - INFO - C:/Users/Naghul/Documents/Zero/Freelancer/project#1/test files - Copy/Fendi - FF 0385 KB7 5317 Glasses - Copy - Copy
2024-12-20 18:04:10,004 - INFO - Opened URL: https://fab.com/portal/listings
2024-12-20 18:05:04,094 - INFO - C:/Users/Naghul/Documents/Zero/Freelancer/project#1/test files - Copy/Fendi - FF 0386 09Q 5515 Glasses
2024-12-20 18:05:06,540 - INFO - Opened URL: https://fab.com/portal/listings
2024-12-20 18:06:13,643 - INFO - C:/Users/Naghul/Documents/Zero/Freelancer/project#1/test files - Copy/Fendi - FF 0386 09Q 5515 Glasses - Copy
2024-12-20 18:06:19,557 - INFO - Opened URL: https://fab.com/portal/listings
2024-12-20 18:07:16,920 - INFO - C:/Users/Naghul/Documents/Zero/Freelancer/project#1/test files - Copy/Fendi - FF 0386 09Q 5515 Glasses - Copy (2)
2024-12-20 18:07:19,365 - INFO - Opened URL: https://fab.com/portal/listings
2024-12-20 18:08:14,470 - INFO - C:/Users/Naghul/Documents/Zero/Freelancer/project#1/test files - Copy/Fendi - FF 0386 09Q 5515 Glasses - Copy - Copy
2024-12-20 18:08:16,723 - INFO - Opened URL: https://fab.com/portal/listings
2024-12-20 18:09:14,575 - INFO - C:/Users/Naghul/Documents/Zero/Freelancer/project#1/test files - Copy/Fendi - FF 0386 J5G 5515 Glasses
2024-12-20 18:09:16,941 - INFO - Opened URL: https://fab.com/portal/listings
2024-12-20 18:10:15,011 - INFO - C:/Users/Naghul/Documents/Zero/Freelancer/project#1/test files - Copy/Fendi - FF 0386 J5G 5515 Glasses - Copy
2024-12-20 18:10:17,005 - INFO - Opened URL: https://fab.com/portal/listings
2024-12-20 18:11:13,746 - INFO - C:/Users/Naghul/Documents/Zero/Freelancer/project#1/test files - Copy/Fendi - FF 0386 J5G 5515 Glasses - Copy (2)
2024-12-20 18:11:16,614 - INFO - Opened URL: https://fab.com/portal/listings
2024-12-20 18:12:13,123 - INFO - C:/Users/Naghul/Documents/Zero/Freelancer/project#1/test files - Copy/Fendi - FF 0386 J5G 5515 Glasses - Copy - Copy
2024-12-20 18:12:15,534 - INFO - Opened URL: https://fab.com/portal/listings
2024-12-20 18:13:08,483 - INFO - C:/Users/Naghul/Documents/Zero/Freelancer/project#1/test files - Copy/Fendi - FF 0388 086 5317 Glasses
2024-12-20 18:13:10,067 - INFO - Opened URL: https://fab.com/portal/listings
2024-12-20 18:14:39,430 - INFO - C:/Users/Naghul/Documents/Zero/Freelancer/project#1/test files - Copy/Fendi - FF 0388 086 5317 Glasses - Copy
2024-12-20 18:14:42,328 - INFO - Opened URL: https://fab.com/portal/listings
2024-12-20 18:15:36,943 - INFO - C:/Users/Naghul/Documents/Zero/Freelancer/project#1/test files - Copy/Fendi - FF 0388 086 5317 Glasses - Copy (2)
2024-12-20 18:15:39,796 - INFO - Opened URL: https://fab.com/portal/listings
2024-12-20 18:16:49,364 - ERROR - Unexpected error: Message: element not interactable
  (Session info: chrome=131.0.6778.140)
Stacktrace:
	GetHandleVerifier [0x00007FF649B4FB05+28789]
	(No symbol) [0x00007FF649AB86E0]
	(No symbol) [0x00007FF649955759]
	(No symbol) [0x00007FF6499AA7C4]
	(No symbol) [0x00007FF64999CD60]
	(No symbol) [0x00007FF6499CF43A]
	(No symbol) [0x00007FF64999C5B6]
	(No symbol) [0x00007FF6499CF650]
	(No symbol) [0x00007FF6499EF654]
	(No symbol) [0x00007FF6499CF1E3]
	(No symbol) [0x00007FF64999A938]
	(No symbol) [0x00007FF64999BAA1]
	GetHandleVerifier [0x00007FF649E8933D+3410093]
	GetHandleVerifier [0x00007FF649E9E7DD+3497293]
	GetHandleVerifier [0x00007FF649E92A73+3448803]
	GetHandleVerifier [0x00007FF649C17BBB+848171]
	(No symbol) [0x00007FF649AC3C3F]
	(No symbol) [0x00007FF649ABF6E4]
	(No symbol) [0x00007FF649ABF87D]
	(No symbol) [0x00007FF649AAED49]
	BaseThreadInitThunk [0x00007FF89FBC259D+29]
	RtlUserThreadStart [0x00007FF8A164AF38+40]

C:/Users/Naghul/Documents/Zero/Freelancer/project#1/test files - Copy/Fendi - FF 0388 086 5317 Glasses - Copy - Copy
2024-12-20 18:16:52,769 - INFO - C:/Users/Naghul/Documents/Zero/Freelancer/project#1/test files - Copy/Fendi - FF 0388 086 5317 Glasses - Copy - Copy
2024-12-20 18:16:55,421 - INFO - Opened URL: https://fab.com/portal/listings
2024-12-20 18:17:50,928 - INFO - C:/Users/Naghul/Documents/Zero/Freelancer/project#1/test files - Copy/Fendi - FF 0388 HKZ 5317 Glasses
2024-12-20 18:17:53,447 - INFO - Opened URL: https://fab.com/portal/listings
2024-12-20 18:18:54,415 - INFO - C:/Users/Naghul/Documents/Zero/Freelancer/project#1/test files - Copy/Fendi - FF 0388 HKZ 5317 Glasses - Copy
2024-12-20 18:18:56,406 - INFO - Opened URL: https://fab.com/portal/listings
2024-12-20 18:19:53,580 - INFO - C:/Users/Naghul/Documents/Zero/Freelancer/project#1/test files - Copy/Fendi - FF 0388 HKZ 5317 Glasses - Copy (2)
2024-12-20 18:19:56,146 - INFO - Opened URL: https://fab.com/portal/listings
2024-12-20 18:20:52,393 - INFO - C:/Users/Naghul/Documents/Zero/Freelancer/project#1/test files - Copy/Fendi - FF 0388 HKZ 5317 Glasses - Copy - Copy
2024-12-20 18:20:54,060 - INFO - Opened URL: https://fab.com/portal/listings
2024-12-20 18:21:52,601 - INFO - C:/Users/Naghul/Documents/Zero/Freelancer/project#1/test files - Copy/Fendi - FF 0393 086 5217 Glasses
2024-12-20 18:21:54,786 - INFO - Opened URL: https://fab.com/portal/listings
2024-12-20 18:22:52,487 - INFO - C:/Users/Naghul/Documents/Zero/Freelancer/project#1/test files - Copy/Fendi - FF 0393 086 5217 Glasses - Copy
2024-12-20 18:22:54,576 - INFO - Opened URL: https://fab.com/portal/listings
2024-12-20 18:23:58,065 - INFO - C:/Users/Naghul/Documents/Zero/Freelancer/project#1/test files - Copy/Fendi - FF 0393 086 5217 Glasses - Copy (2)
2024-12-20 18:24:00,675 - INFO - Opened URL: https://fab.com/portal/listings
2024-12-20 18:24:41,979 - ERROR - Unexpected error: Message: 

C:/Users/Naghul/Documents/Zero/Freelancer/project#1/test files - Copy/Fendi - FF 0393 086 5217 Glasses - Copy - Copy
2024-12-20 18:24:45,427 - INFO - C:/Users/Naghul/Documents/Zero/Freelancer/project#1/test files - Copy/Fendi - FF 0393 086 5217 Glasses - Copy - Copy
2024-12-20 18:24:45,644 - INFO - Opened URL: https://fab.com/portal/listings
2024-12-20 18:24:58,983 - ERROR - Unexpected error: Message: 

C:/Users/Naghul/Documents/Zero/Freelancer/project#1/test files - Copy/Fendi - FF M0079 6LB 5223 Glasses
2024-12-20 18:25:02,371 - INFO - C:/Users/Naghul/Documents/Zero/Freelancer/project#1/test files - Copy/Fendi - FF M0079 6LB 5223 Glasses
2024-12-20 18:25:02,562 - INFO - Opened URL: https://fab.com/portal/listings
2024-12-20 18:25:15,854 - ERROR - Unexpected error: Message: 

C:/Users/Naghul/Documents/Zero/Freelancer/project#1/test files - Copy/Fendi - FF M0079 6LB 5223 Glasses - Copy
2024-12-20 18:25:19,216 - INFO - C:/Users/Naghul/Documents/Zero/Freelancer/project#1/test files - Copy/Fendi - FF M0079 6LB 5223 Glasses - Copy
2024-12-20 18:25:19,421 - INFO - Opened URL: https://fab.com/portal/listings
2024-12-20 18:25:32,742 - ERROR - Unexpected error: Message: 

C:/Users/Naghul/Documents/Zero/Freelancer/project#1/test files - Copy/Fendi - FF M0079 6LB 5223 Glasses - Copy (2)
2024-12-20 18:25:36,168 - INFO - C:/Users/Naghul/Documents/Zero/Freelancer/project#1/test files - Copy/Fendi - FF M0079 6LB 5223 Glasses - Copy (2)
2024-12-20 18:25:36,298 - INFO - Opened URL: https://fab.com/portal/listings
2024-12-20 18:25:49,690 - ERROR - Unexpected error: Message: 

C:/Users/Naghul/Documents/Zero/Freelancer/project#1/test files - Copy/Fendi - FF M0079 6LB 5223 Glasses - Copy - Copy
2024-12-20 18:25:53,144 - INFO - C:/Users/Naghul/Documents/Zero/Freelancer/project#1/test files - Copy/Fendi - FF M0079 6LB 5223 Glasses - Copy - Copy
2024-12-20 18:25:53,323 - INFO - Opened URL: https://fab.com/portal/listings
2024-12-20 18:26:06,668 - ERROR - Unexpected error: Message: 

C:/Users/Naghul/Documents/Zero/Freelancer/project#1/test files - Copy/Fendi - FF0422 J5G 5717 Glasses
2024-12-20 18:26:10,135 - INFO - C:/Users/Naghul/Documents/Zero/Freelancer/project#1/test files - Copy/Fendi - FF0422 J5G 5717 Glasses
2024-12-20 18:26:10,218 - INFO - Opened URL: https://fab.com/portal/listings
2024-12-20 18:26:23,573 - ERROR - Unexpected error: Message: 

C:/Users/Naghul/Documents/Zero/Freelancer/project#1/test files - Copy/Fendi - FF0422 J5G 5717 Glasses - Copy
2024-12-20 18:26:27,002 - INFO - C:/Users/Naghul/Documents/Zero/Freelancer/project#1/test files - Copy/Fendi - FF0422 J5G 5717 Glasses - Copy
2024-12-20 18:26:27,336 - INFO - Opened URL: https://fab.com/portal/listings
2024-12-20 18:26:40,688 - ERROR - Unexpected error: Message: 

C:/Users/Naghul/Documents/Zero/Freelancer/project#1/test files - Copy/Fendi - FF0422 J5G 5717 Glasses - Copy (2)
2024-12-20 18:26:44,077 - INFO - C:/Users/Naghul/Documents/Zero/Freelancer/project#1/test files - Copy/Fendi - FF0422 J5G 5717 Glasses - Copy (2)
2024-12-20 18:26:44,241 - INFO - Opened URL: https://fab.com/portal/listings
2024-12-20 18:26:57,555 - ERROR - Unexpected error: Message: 

C:/Users/Naghul/Documents/Zero/Freelancer/project#1/test files - Copy/Fendi - FF0422 J5G 5717 Glasses - Copy - Copy
2024-12-20 18:27:00,934 - INFO - C:/Users/Naghul/Documents/Zero/Freelancer/project#1/test files - Copy/Fendi - FF0422 J5G 5717 Glasses - Copy - Copy
2024-12-20 18:27:03,127 - INFO - Driver Closed
2024-12-20 18:33:46,811 - INFO - Opened URL: https://fab.com/portal/listings
2024-12-20 18:33:49,032 - ERROR - Element not found: Message: no such element: Unable to locate element: {"method":"css selector","selector":".fabkit-Typography-ellipsisWrapper"}
  (Session info: chrome=131.0.6778.140); For documentation on this error, please visit: https://www.selenium.dev/documentation/webdriver/troubleshooting/errors#no-such-element-exception
Stacktrace:
	GetHandleVerifier [0x00007FF649B4FB05+28789]
	(No symbol) [0x00007FF649AB86E0]
	(No symbol) [0x00007FF64995592A]
	(No symbol) [0x00007FF6499A930E]
	(No symbol) [0x00007FF6499A95FC]
	(No symbol) [0x00007FF64999C6EC]
	(No symbol) [0x00007FF6499CF47F]
	(No symbol) [0x00007FF64999C5B6]
	(No symbol) [0x00007FF6499CF650]
	(No symbol) [0x00007FF6499EF654]
	(No symbol) [0x00007FF6499CF1E3]
	(No symbol) [0x00007FF64999A938]
	(No symbol) [0x00007FF64999BAA1]
	GetHandleVerifier [0x00007FF649E8933D+3410093]
	GetHandleVerifier [0x00007FF649E9E7DD+3497293]
	GetHandleVerifier [0x00007FF649E92A73+3448803]
	GetHandleVerifier [0x00007FF649C17BBB+848171]
	(No symbol) [0x00007FF649AC3C3F]
	(No symbol) [0x00007FF649ABF6E4]
	(No symbol) [0x00007FF649ABF87D]
	(No symbol) [0x00007FF649AAED49]
	BaseThreadInitThunk [0x00007FF89FBC259D+29]
	RtlUserThreadStart [0x00007FF8A164AF38+40]

C:/Users/Naghul/Documents/Zero/Freelancer/project#1/test files - Copy/Fendi - FF 0376 09Q 5415 Glasses
2024-12-20 18:33:53,672 - INFO - Driver closed.
2024-12-20 18:34:37,873 - INFO - Opened URL: https://fab.com/portal/listings
2024-12-20 18:34:40,662 - ERROR - Element not found: Message: no such element: Unable to locate element: {"method":"css selector","selector":".fabkit-Typography-ellipsisWrapper"}
  (Session info: chrome=131.0.6778.140); For documentation on this error, please visit: https://www.selenium.dev/documentation/webdriver/troubleshooting/errors#no-such-element-exception
Stacktrace:
	GetHandleVerifier [0x00007FF649B4FB05+28789]
	(No symbol) [0x00007FF649AB86E0]
	(No symbol) [0x00007FF64995592A]
	(No symbol) [0x00007FF6499A930E]
	(No symbol) [0x00007FF6499A95FC]
	(No symbol) [0x00007FF64999C6EC]
	(No symbol) [0x00007FF6499CF47F]
	(No symbol) [0x00007FF64999C5B6]
	(No symbol) [0x00007FF6499CF650]
	(No symbol) [0x00007FF6499EF654]
	(No symbol) [0x00007FF6499CF1E3]
	(No symbol) [0x00007FF64999A938]
	(No symbol) [0x00007FF64999BAA1]
	GetHandleVerifier [0x00007FF649E8933D+3410093]
	GetHandleVerifier [0x00007FF649E9E7DD+3497293]
	GetHandleVerifier [0x00007FF649E92A73+3448803]
	GetHandleVerifier [0x00007FF649C17BBB+848171]
	(No symbol) [0x00007FF649AC3C3F]
	(No symbol) [0x00007FF649ABF6E4]
	(No symbol) [0x00007FF649ABF87D]
	(No symbol) [0x00007FF649AAED49]
	BaseThreadInitThunk [0x00007FF89FBC259D+29]
	RtlUserThreadStart [0x00007FF8A164AF38+40]

C:/Users/Naghul/Documents/Zero/Freelancer/project#1/test files - Copy/Fendi - FF 0376 09Q 5415 Glasses
2024-12-20 18:34:45,297 - INFO - Driver closed.
2024-12-20 18:36:47,335 - INFO - Opened URL: https://fab.com/portal/listings
2024-12-20 18:36:50,260 - ERROR - Unexpected error: Message: stale element reference: stale element not found in the current frame
  (Session info: chrome=131.0.6778.140); For documentation on this error, please visit: https://www.selenium.dev/documentation/webdriver/troubleshooting/errors#stale-element-reference-exception
Stacktrace:
	GetHandleVerifier [0x00007FF649B4FB05+28789]
	(No symbol) [0x00007FF649AB86E0]
	(No symbol) [0x00007FF64995592A]
	(No symbol) [0x00007FF64995C48F]
	(No symbol) [0x00007FF64995F13C]
	(No symbol) [0x00007FF64995F20F]
	(No symbol) [0x00007FF6499A8DBA]
	(No symbol) [0x00007FF6499A95FC]
	(No symbol) [0x00007FF64999C6EC]
	(No symbol) [0x00007FF6499CF47F]
	(No symbol) [0x00007FF64999C5B6]
	(No symbol) [0x00007FF6499CF650]
	(No symbol) [0x00007FF6499EF654]
	(No symbol) [0x00007FF6499CF1E3]
	(No symbol) [0x00007FF64999A938]
	(No symbol) [0x00007FF64999BAA1]
	GetHandleVerifier [0x00007FF649E8933D+3410093]
	GetHandleVerifier [0x00007FF649E9E7DD+3497293]
	GetHandleVerifier [0x00007FF649E92A73+3448803]
	GetHandleVerifier [0x00007FF649C17BBB+848171]
	(No symbol) [0x00007FF649AC3C3F]
	(No symbol) [0x00007FF649ABF6E4]
	(No symbol) [0x00007FF649ABF87D]
	(No symbol) [0x00007FF649AAED49]
	BaseThreadInitThunk [0x00007FF89FBC259D+29]
	RtlUserThreadStart [0x00007FF8A164AF38+40]

C:/Users/Naghul/Documents/Zero/Freelancer/project#1/test files - Copy/Fendi - FF 0376 09Q 5415 Glasses
2024-12-20 18:36:54,794 - INFO - Driver closed.
2024-12-20 18:38:05,994 - INFO - Opened URL: https://fab.com/portal/listings
2024-12-20 18:38:09,841 - ERROR - Unexpected error: Message: stale element reference: stale element not found in the current frame
  (Session info: chrome=131.0.6778.140); For documentation on this error, please visit: https://www.selenium.dev/documentation/webdriver/troubleshooting/errors#stale-element-reference-exception
Stacktrace:
	GetHandleVerifier [0x00007FF649B4FB05+28789]
	(No symbol) [0x00007FF649AB86E0]
	(No symbol) [0x00007FF64995592A]
	(No symbol) [0x00007FF64995C48F]
	(No symbol) [0x00007FF64995F13C]
	(No symbol) [0x00007FF64995F20F]
	(No symbol) [0x00007FF6499A8DBA]
	(No symbol) [0x00007FF6499A95FC]
	(No symbol) [0x00007FF64999C6EC]
	(No symbol) [0x00007FF6499CF47F]
	(No symbol) [0x00007FF64999C5B6]
	(No symbol) [0x00007FF6499CF650]
	(No symbol) [0x00007FF6499EF654]
	(No symbol) [0x00007FF6499CF1E3]
	(No symbol) [0x00007FF64999A938]
	(No symbol) [0x00007FF64999BAA1]
	GetHandleVerifier [0x00007FF649E8933D+3410093]
	GetHandleVerifier [0x00007FF649E9E7DD+3497293]
	GetHandleVerifier [0x00007FF649E92A73+3448803]
	GetHandleVerifier [0x00007FF649C17BBB+848171]
	(No symbol) [0x00007FF649AC3C3F]
	(No symbol) [0x00007FF649ABF6E4]
	(No symbol) [0x00007FF649ABF87D]
	(No symbol) [0x00007FF649AAED49]
	BaseThreadInitThunk [0x00007FF89FBC259D+29]
	RtlUserThreadStart [0x00007FF8A164AF38+40]

C:/Users/Naghul/Documents/Zero/Freelancer/project#1/test files - Copy/Fendi - FF 0376 09Q 5415 Glasses
2024-12-20 18:38:14,395 - INFO - Driver closed.
2024-12-20 18:45:06,883 - INFO - Opened URL: https://fab.com/portal/listings
2024-12-20 18:45:10,756 - ERROR - Unexpected error: Message: stale element reference: stale element not found in the current frame
  (Session info: chrome=131.0.6778.140); For documentation on this error, please visit: https://www.selenium.dev/documentation/webdriver/troubleshooting/errors#stale-element-reference-exception
Stacktrace:
	GetHandleVerifier [0x00007FF649B4FB05+28789]
	(No symbol) [0x00007FF649AB86E0]
	(No symbol) [0x00007FF64995592A]
	(No symbol) [0x00007FF64995C48F]
	(No symbol) [0x00007FF64995F13C]
	(No symbol) [0x00007FF64995F20F]
	(No symbol) [0x00007FF6499A8DBA]
	(No symbol) [0x00007FF6499A95FC]
	(No symbol) [0x00007FF64999C6EC]
	(No symbol) [0x00007FF6499CF47F]
	(No symbol) [0x00007FF64999C5B6]
	(No symbol) [0x00007FF6499CF650]
	(No symbol) [0x00007FF6499EF654]
	(No symbol) [0x00007FF6499CF1E3]
	(No symbol) [0x00007FF64999A938]
	(No symbol) [0x00007FF64999BAA1]
	GetHandleVerifier [0x00007FF649E8933D+3410093]
	GetHandleVerifier [0x00007FF649E9E7DD+3497293]
	GetHandleVerifier [0x00007FF649E92A73+3448803]
	GetHandleVerifier [0x00007FF649C17BBB+848171]
	(No symbol) [0x00007FF649AC3C3F]
	(No symbol) [0x00007FF649ABF6E4]
	(No symbol) [0x00007FF649ABF87D]
	(No symbol) [0x00007FF649AAED49]
	BaseThreadInitThunk [0x00007FF89FBC259D+29]
	RtlUserThreadStart [0x00007FF8A164AF38+40]

C:/Users/Naghul/Documents/Zero/Freelancer/project#1/test files - Copy/Fendi - FF 0376 09Q 5415 Glasses
2024-12-20 18:45:15,596 - INFO - Driver closed.
2024-12-20 18:46:33,777 - INFO - Opened URL: https://fab.com/portal/listings
2024-12-20 18:46:39,801 - ERROR - Unexpected error: 'tuple' object has no attribute 'get_attribute'
C:/Users/Naghul/Documents/Zero/Freelancer/project#1/test files - Copy/Fendi - FF 0376 09Q 5415 Glasses
2024-12-20 18:46:44,399 - INFO - Driver closed.
2024-12-20 18:48:33,979 - INFO - Opened URL: https://fab.com/portal/listings
2024-12-20 18:48:39,167 - ERROR - Unexpected error: module 'selenium.webdriver.support.expected_conditions' has no attribute 'presence_of_all_elements_locateds'
C:/Users/Naghul/Documents/Zero/Freelancer/project#1/test files - Copy/Fendi - FF 0376 09Q 5415 Glasses
2024-12-20 18:48:43,883 - INFO - Driver closed.
2024-12-20 18:49:23,690 - INFO - Opened URL: https://fab.com/portal/listings
2024-12-20 18:49:29,582 - ERROR - Unexpected error: 'tuple' object has no attribute 'get_attribute'
C:/Users/Naghul/Documents/Zero/Freelancer/project#1/test files - Copy/Fendi - FF 0376 09Q 5415 Glasses
2024-12-20 18:49:34,184 - INFO - Driver closed.
2024-12-20 18:50:48,791 - INFO - Opened URL: https://fab.com/portal/listings
2024-12-20 18:51:52,572 - INFO - Opened URL: https://fab.com/portal/listings
2024-12-20 18:52:15,240 - ERROR - Unexpected error: Message: no such window: target window already closed
from unknown error: web view not found
  (Session info: chrome=131.0.6778.140)
Stacktrace:
	GetHandleVerifier [0x00007FF649B4FB05+28789]
	(No symbol) [0x00007FF649AB86E0]
	(No symbol) [0x00007FF64995592A]
	(No symbol) [0x00007FF64992F505]
	(No symbol) [0x00007FF6499D6477]
	(No symbol) [0x00007FF6499EEF42]
	(No symbol) [0x00007FF6499CF1E3]
	(No symbol) [0x00007FF64999A938]
	(No symbol) [0x00007FF64999BAA1]
	GetHandleVerifier [0x00007FF649E8933D+3410093]
	GetHandleVerifier [0x00007FF649E9E7DD+3497293]
	GetHandleVerifier [0x00007FF649E92A73+3448803]
	GetHandleVerifier [0x00007FF649C17BBB+848171]
	(No symbol) [0x00007FF649AC3C3F]
	(No symbol) [0x00007FF649ABF6E4]
	(No symbol) [0x00007FF649ABF87D]
	(No symbol) [0x00007FF649AAED49]
	BaseThreadInitThunk [0x00007FF89FBC259D+29]
	RtlUserThreadStart [0x00007FF8A164AF38+40]

C:/Users/Naghul/Documents/Zero/Freelancer/project#1/test files - Copy/Fendi - FF 0376 09Q 5415 Glasses
2024-12-20 18:58:24,720 - INFO - Opened URL: https://fab.com/portal/listings
2024-12-20 18:58:26,723 - ERROR - Unexpected error: delete_init() missing 1 required positional argument: 'driver'
2024-12-20 18:58:29,346 - INFO - Driver closed.
2024-12-20 18:59:32,104 - INFO - Opened URL: https://fab.com/portal/listings
2024-12-20 18:59:37,684 - ERROR - No such element error: Message: no such element: Unable to locate element: {"method":"css selector","selector":".fabkit-Typography-ellipsisWrapper"}
  (Session info: chrome=131.0.6778.140); For documentation on this error, please visit: https://www.selenium.dev/documentation/webdriver/troubleshooting/errors#no-such-element-exception
Stacktrace:
	GetHandleVerifier [0x00007FF649B4FB05+28789]
	(No symbol) [0x00007FF649AB86E0]
	(No symbol) [0x00007FF64995592A]
	(No symbol) [0x00007FF6499A930E]
	(No symbol) [0x00007FF6499A95FC]
	(No symbol) [0x00007FF64999C6EC]
	(No symbol) [0x00007FF6499CF47F]
	(No symbol) [0x00007FF64999C5B6]
	(No symbol) [0x00007FF6499CF650]
	(No symbol) [0x00007FF6499EF654]
	(No symbol) [0x00007FF6499CF1E3]
	(No symbol) [0x00007FF64999A938]
	(No symbol) [0x00007FF64999BAA1]
	GetHandleVerifier [0x00007FF649E8933D+3410093]
	GetHandleVerifier [0x00007FF649E9E7DD+3497293]
	GetHandleVerifier [0x00007FF649E92A73+3448803]
	GetHandleVerifier [0x00007FF649C17BBB+848171]
	(No symbol) [0x00007FF649AC3C3F]
	(No symbol) [0x00007FF649ABF6E4]
	(No symbol) [0x00007FF649ABF87D]
	(No symbol) [0x00007FF649AAED49]
	BaseThreadInitThunk [0x00007FF89FBC259D+29]
	RtlUserThreadStart [0x00007FF8A164AF38+40]

2024-12-20 18:59:40,286 - INFO - Driver closed.
2024-12-20 19:00:35,555 - INFO - Opened URL: https://fab.com/portal/listings
2024-12-20 19:01:27,473 - INFO - Driver closed.
2024-12-20 19:13:14,274 - INFO - Opened URL: https://fab.com/portal/listings
2024-12-20 19:13:27,498 - ERROR - Unexpected error: Message: no such window: target window already closed
from unknown error: web view not found
  (Session info: chrome=131.0.6778.140)
Stacktrace:
	GetHandleVerifier [0x00007FF649B4FB05+28789]
	(No symbol) [0x00007FF649AB86E0]
	(No symbol) [0x00007FF64995592A]
	(No symbol) [0x00007FF64992F505]
	(No symbol) [0x00007FF6499D6477]
	(No symbol) [0x00007FF6499EEF42]
	(No symbol) [0x00007FF6499CF1E3]
	(No symbol) [0x00007FF64999A938]
	(No symbol) [0x00007FF64999BAA1]
	GetHandleVerifier [0x00007FF649E8933D+3410093]
	GetHandleVerifier [0x00007FF649E9E7DD+3497293]
	GetHandleVerifier [0x00007FF649E92A73+3448803]
	GetHandleVerifier [0x00007FF649C17BBB+848171]
	(No symbol) [0x00007FF649AC3C3F]
	(No symbol) [0x00007FF649ABF6E4]
	(No symbol) [0x00007FF649ABF87D]
	(No symbol) [0x00007FF649AAED49]
	BaseThreadInitThunk [0x00007FF89FBC259D+29]
	RtlUserThreadStart [0x00007FF8A164AF38+40]

2024-12-20 19:13:29,656 - INFO - Driver closed.
2024-12-20 19:14:00,903 - INFO - Opened URL: https://fab.com/portal/listings
2024-12-20 19:14:17,056 - ERROR - Unexpected error: AutomationWorker.drafts_signal[] signal has 0 argument(s) but 1 provided
2024-12-20 19:14:20,676 - INFO - Driver closed.
2024-12-20 19:14:39,811 - INFO - Opened URL: https://fab.com/portal/listings
2024-12-20 19:14:54,126 - ERROR - Unexpected error: AutomationWorker.drafts_signal[] signal has 0 argument(s) but 1 provided
2024-12-20 19:14:56,647 - INFO - Driver closed.
2024-12-20 19:15:41,408 - INFO - Opened URL: https://fab.com/portal/listings
2024-12-20 19:16:00,946 - INFO - Driver closed.
2024-12-22 11:26:19,475 - INFO - Opened URL: https://fab.com/portal/listings
2024-12-22 11:26:22,483 - ERROR - Unexpected error: Message: no such window: target window already closed
from unknown error: web view not found
  (Session info: chrome=131.0.6778.140)
Stacktrace:
	GetHandleVerifier [0x00007FF6B581FB05+28789]
	(No symbol) [0x00007FF6B57886E0]
	(No symbol) [0x00007FF6B562592A]
	(No symbol) [0x00007FF6B55FF505]
	(No symbol) [0x00007FF6B56A6477]
	(No symbol) [0x00007FF6B56BEF42]
	(No symbol) [0x00007FF6B569F1E3]
	(No symbol) [0x00007FF6B566A938]
	(No symbol) [0x00007FF6B566BAA1]
	GetHandleVerifier [0x00007FF6B5B5933D+3410093]
	GetHandleVerifier [0x00007FF6B5B6E7DD+3497293]
	GetHandleVerifier [0x00007FF6B5B62A73+3448803]
	GetHandleVerifier [0x00007FF6B58E7BBB+848171]
	(No symbol) [0x00007FF6B5793C3F]
	(No symbol) [0x00007FF6B578F6E4]
	(No symbol) [0x00007FF6B578F87D]
	(No symbol) [0x00007FF6B577ED49]
	BaseThreadInitThunk [0x00007FF89FBC259D+29]
	RtlUserThreadStart [0x00007FF8A164AF38+40]

2024-12-22 11:26:24,632 - INFO - Driver closed.
2024-12-22 11:27:08,741 - INFO - Opened URL: https://fab.com/portal/listings
2024-12-22 11:27:24,975 - INFO - Driver closed.
2024-12-22 11:30:57,731 - INFO - Opened URL: https://fab.com/portal/listings
2024-12-22 11:31:13,998 - INFO - Driver closed.
2024-12-22 11:32:43,466 - INFO - Opened URL: https://fab.com/portal/listings
2024-12-22 11:33:01,488 - INFO - Driver closed.
2024-12-22 12:13:25,576 - INFO - Opened URL: https://fab.com/portal/listings
2024-12-22 12:13:44,289 - ERROR - Unexpected error: Message: 

2024-12-22 12:13:47,813 - INFO - Driver closed.
2024-12-22 12:14:09,624 - INFO - Opened URL: https://fab.com/portal/listings
2024-12-22 12:14:25,821 - ERROR - Unexpected error: 'QEventLoop' object has no attribute 'response_signal'
2024-12-22 12:14:29,337 - INFO - Driver closed.
2024-12-22 12:18:32,871 - INFO - Opened URL: https://fab.com/portal/listings
2024-12-22 12:20:13,270 - INFO - Opened URL: https://fab.com/portal/listings
2024-12-22 12:44:05,462 - INFO - Opened URL: https://fab.com/portal/listings
2024-12-22 12:44:13,900 - ERROR - Unexpected error: Message: no such window: target window already closed
from unknown error: web view not found
  (Session info: chrome=131.0.6778.140)
Stacktrace:
	GetHandleVerifier [0x00007FF73047FB05+28789]
	(No symbol) [0x00007FF7303E86E0]
	(No symbol) [0x00007FF73028592A]
	(No symbol) [0x00007FF73025F505]
	(No symbol) [0x00007FF730306477]
	(No symbol) [0x00007FF73031EF42]
	(No symbol) [0x00007FF7302FF1E3]
	(No symbol) [0x00007FF7302CA938]
	(No symbol) [0x00007FF7302CBAA1]
	GetHandleVerifier [0x00007FF7307B933D+3410093]
	GetHandleVerifier [0x00007FF7307CE7DD+3497293]
	GetHandleVerifier [0x00007FF7307C2A73+3448803]
	GetHandleVerifier [0x00007FF730547BBB+848171]
	(No symbol) [0x00007FF7303F3C3F]
	(No symbol) [0x00007FF7303EF6E4]
	(No symbol) [0x00007FF7303EF87D]
	(No symbol) [0x00007FF7303DED49]
	BaseThreadInitThunk [0x00007FF89FBC259D+29]
	RtlUserThreadStart [0x00007FF8A164AF38+40]

2024-12-22 12:44:16,035 - INFO - Driver closed.
2024-12-22 12:44:31,985 - INFO - Opened URL: https://fab.com/portal/listings
2024-12-22 12:44:51,541 - INFO - Driver closed.
2024-12-22 12:45:03,556 - INFO - Opened URL: https://fab.com/portal/listings
2024-12-22 12:45:06,703 - ERROR - Unexpected error: Message: javascript error: document.documentElement.scrollT0 is not a function
  (Session info: chrome=131.0.6778.140)
Stacktrace:
	GetHandleVerifier [0x00007FF73047FB05+28789]
	(No symbol) [0x00007FF7303E86E0]
	(No symbol) [0x00007FF73028592A]
	(No symbol) [0x00007FF73028C48F]
	(No symbol) [0x00007FF73028F4BF]
	(No symbol) [0x00007FF730320910]
	(No symbol) [0x00007FF7302FF43A]
	(No symbol) [0x00007FF73031F654]
	(No symbol) [0x00007FF7302FF1E3]
	(No symbol) [0x00007FF7302CA938]
	(No symbol) [0x00007FF7302CBAA1]
	GetHandleVerifier [0x00007FF7307B933D+3410093]
	GetHandleVerifier [0x00007FF7307CE7DD+3497293]
	GetHandleVerifier [0x00007FF7307C2A73+3448803]
	GetHandleVerifier [0x00007FF730547BBB+848171]
	(No symbol) [0x00007FF7303F3C3F]
	(No symbol) [0x00007FF7303EF6E4]
	(No symbol) [0x00007FF7303EF87D]
	(No symbol) [0x00007FF7303DED49]
	BaseThreadInitThunk [0x00007FF89FBC259D+29]
	RtlUserThreadStart [0x00007FF8A164AF38+40]

2024-12-22 12:45:09,379 - INFO - Driver closed.
2024-12-22 12:45:45,288 - INFO - Opened URL: https://fab.com/portal/listings
2024-12-22 12:46:05,152 - INFO - Driver closed.
2024-12-22 12:46:49,564 - INFO - Opened URL: https://fab.com/portal/listings
2024-12-22 12:47:09,449 - INFO - Driver closed.
2024-12-22 16:43:39,291 - INFO - Opened URL: https://fab.com/portal/listings
2024-12-22 16:43:48,476 - ERROR - Unexpected error: Message: no such window: target window already closed
from unknown error: web view not found
  (Session info: chrome=131.0.6778.140)
Stacktrace:
	GetHandleVerifier [0x00007FF7C8A8FB05+28789]
	(No symbol) [0x00007FF7C89F86E0]
	(No symbol) [0x00007FF7C889592A]
	(No symbol) [0x00007FF7C886F505]
	(No symbol) [0x00007FF7C8916477]
	(No symbol) [0x00007FF7C892EF42]
	(No symbol) [0x00007FF7C890F1E3]
	(No symbol) [0x00007FF7C88DA938]
	(No symbol) [0x00007FF7C88DBAA1]
	GetHandleVerifier [0x00007FF7C8DC933D+3410093]
	GetHandleVerifier [0x00007FF7C8DDE7DD+3497293]
	GetHandleVerifier [0x00007FF7C8DD2A73+3448803]
	GetHandleVerifier [0x00007FF7C8B57BBB+848171]
	(No symbol) [0x00007FF7C8A03C3F]
	(No symbol) [0x00007FF7C89FF6E4]
	(No symbol) [0x00007FF7C89FF87D]
	(No symbol) [0x00007FF7C89EED49]
	BaseThreadInitThunk [0x00007FF89FBC259D+29]
	RtlUserThreadStart [0x00007FF8A164AF38+40]

C:/Users/Naghul/Documents/Zero/Freelancer/project#1/test files/Fendi - FF 0167 F0G 5019 Glasses
2024-12-22 16:43:52,640 - INFO - Driver closed.
2024-12-22 16:44:08,515 - INFO - Opened URL: https://fab.com/portal/listings
2024-12-22 16:44:49,833 - INFO - Driver closed.
2024-12-22 16:48:53,186 - INFO - Opened URL: https://fab.com/portal/listings
2024-12-22 16:48:56,198 - ERROR - Unexpected error: Message: no such window: target window already closed
from unknown error: web view not found
  (Session info: chrome=131.0.6778.140)
Stacktrace:
	GetHandleVerifier [0x00007FF7C8A8FB05+28789]
	(No symbol) [0x00007FF7C89F86E0]
	(No symbol) [0x00007FF7C889592A]
	(No symbol) [0x00007FF7C886F505]
	(No symbol) [0x00007FF7C8916477]
	(No symbol) [0x00007FF7C892EF42]
	(No symbol) [0x00007FF7C890F1E3]
	(No symbol) [0x00007FF7C88DA938]
	(No symbol) [0x00007FF7C88DBAA1]
	GetHandleVerifier [0x00007FF7C8DC933D+3410093]
	GetHandleVerifier [0x00007FF7C8DDE7DD+3497293]
	GetHandleVerifier [0x00007FF7C8DD2A73+3448803]
	GetHandleVerifier [0x00007FF7C8B57BBB+848171]
	(No symbol) [0x00007FF7C8A03C3F]
	(No symbol) [0x00007FF7C89FF6E4]
	(No symbol) [0x00007FF7C89FF87D]
	(No symbol) [0x00007FF7C89EED49]
	BaseThreadInitThunk [0x00007FF89FBC259D+29]
	RtlUserThreadStart [0x00007FF8A164AF38+40]

2024-12-22 16:48:58,281 - INFO - Driver closed.
2024-12-22 17:08:20,465 - INFO - Opened URL: https://fab.com/portal/listings
2024-12-22 17:08:23,469 - ERROR - Unexpected error: Message: no such window: target window already closed
from unknown error: web view not found
  (Session info: chrome=131.0.6778.140)
Stacktrace:
	GetHandleVerifier [0x00007FF7C8A8FB05+28789]
	(No symbol) [0x00007FF7C89F86E0]
	(No symbol) [0x00007FF7C889592A]
	(No symbol) [0x00007FF7C886F505]
	(No symbol) [0x00007FF7C8916477]
	(No symbol) [0x00007FF7C892EF42]
	(No symbol) [0x00007FF7C890F1E3]
	(No symbol) [0x00007FF7C88DA938]
	(No symbol) [0x00007FF7C88DBAA1]
	GetHandleVerifier [0x00007FF7C8DC933D+3410093]
	GetHandleVerifier [0x00007FF7C8DDE7DD+3497293]
	GetHandleVerifier [0x00007FF7C8DD2A73+3448803]
	GetHandleVerifier [0x00007FF7C8B57BBB+848171]
	(No symbol) [0x00007FF7C8A03C3F]
	(No symbol) [0x00007FF7C89FF6E4]
	(No symbol) [0x00007FF7C89FF87D]
	(No symbol) [0x00007FF7C89EED49]
	BaseThreadInitThunk [0x00007FF89FBC259D+29]
	RtlUserThreadStart [0x00007FF8A164AF38+40]

2024-12-22 17:08:25,540 - INFO - Driver closed.
2024-12-22 17:10:18,356 - INFO - Opened URL: https://fab.com/portal/listings
